NOTE from PE     0: MPP_DOMAINS_SET_STACK_SIZE: stack size set to    32768.
NOTE from PE     0: MPP_DOMAINS_SET_STACK_SIZE: stack size set to  5000000.
NOTE from PE     0: field_manager_init:: You are using the legacy version of the field_table
 
 Dumping coupler_mod/types tree
types/
      air_sea_gas_flux_generic/
            implementation/
                  ocmip2/
                        num_parameters = 2
                  duce/
                        num_parameters = 1
                  johnson/
                        num_parameters = 2
            num_flags = 0
            use_atm_pressure = T
            use_10m_wind_speed = T
            pass_through_ice = F
            atm/
                  name[1] = 'pcair'
                  name[2] = 'u10'
                  name[3] = 'psurf'
                  long_name[1] = 'Atmospheric concentration'
                  long_name[2] = 'Wind speed at 10 m'
                  long_name[3] = 'Surface atmospheric pressure'
                  units[1] = 'mol/mol'
                  units[2] = 'm/s'
                  units[3] = 'Pa'
            ice/
                  name[1] = 'alpha'
                  name[2] = 'csurf'
                  name[3] = 'sc_no'
                  long_name[1] = 'Solubility w.r.t. atmosphere'
                  long_name[2] = 'Ocean concentration'
                  long_name[3] = 'Schmidt number'
                  units[1] = 'mol/m^3/atm'
                  units[2] = 'mol/m^3'
                  units[3] = 'dimensionless'
            flux/
                  name[1] = 'flux'
                  name[2] = 'deltap'
                  name[3] = 'kw'
                  name[4] = 'flux0'
                  long_name[1] = 'Surface flux'
                  long_name[2] = 'Ocean-air delta pressure'
                  long_name[3] = 'Piston velocity'
                  long_name[4] = 'Surface flux no atm'
                  units[1] = 'mol/m^2/s'
                  units[2] = 'uatm'
                  units[3] = 'm/s'
                  units[4] = 'mol/m^2/s'
      air_sea_gas_flux/
            implementation/
                  ocmip2/
                        num_parameters = 2
                  ocmip2_data/
                        num_parameters = 2
                  linear/
                        num_parameters = 3
            num_flags = 0
            use_atm_pressure = T
            use_10m_wind_speed = T
            pass_through_ice = F
            atm/
                  name[1] = 'pcair'
                  name[2] = 'u10'
                  name[3] = 'psurf'
                  long_name[1] = 'Atmospheric concentration'
                  long_name[2] = 'Wind speed at 10 m'
                  long_name[3] = 'Surface atmospheric pressure'
                  units[1] = 'mol/mol'
                  units[2] = 'm/s'
                  units[3] = 'Pa'
            ice/
                  name[1] = 'alpha'
                  name[2] = 'csurf'
                  long_name[1] = 'Solubility from atmosphere times Schmidt number term'
                  long_name[2] = 'Ocean concentration times Schmidt number term'
                  units[1] = 'mol/m^3/atm'
                  units[2] = 'mol/m^3'
            flux/
                  name = 'flux'
                  long_name = 'Surface flux'
                  units = 'mol/m^2/s'
      air_sea_deposition/
            implementation/
                  dry/
                        num_parameters = 1
                  wet/
                        num_parameters = 1
            num_flags = 0
            use_atm_pressure = F
            use_10m_wind_speed = F
            pass_through_ice = T
            atm/
                  name = 'deposition'
                  long_name = 'Atmospheric deposition'
                  units = 'kg/m^2/s'
            ice/
                  name = NULL
                  long_name = NULL
                  units = NULL
            flux/
                  name = 'flux'
                  long_name = 'Surface deposition'
                  units = 'mol/m^2/s'
      land_sea_runoff/
            implementation/
                  river/
                        num_parameters = 1
            num_flags = 0
            use_atm_pressure = F
            use_10m_wind_speed = F
            pass_through_ice = T
            atm/
                  name = 'runoff'
                  long_name = 'Concentration in land runoff'
                  units = 'mol/m^3'
            ice/
                  name = NULL
                  long_name = NULL
                  units = NULL
            flux/
                  name = 'flux'
                  long_name = 'Concentration in land runoff'
                  units = 'mol/m^3'
NOTE from PE     0: open_param_file: MOM_input has been opened successfully.
NOTE from PE     0: open_param_file: MOM_layout has been opened successfully.
NOTE from PE     0: open_param_file: MOM_override has been opened successfully.
NOTE from PE     0: close_param_file: MOM_input has been closed successfully.
NOTE from PE     0: close_param_file: MOM_layout has been closed successfully.
NOTE from PE     0: close_param_file: MOM_override has been closed successfully.
 ==>Note from atmos_ocean_fluxes_mod(atmos_ocean_fluxes_init): No gas fluxes
NOTE from PE     0: callTree: ---> ocean_model_init(), ocean_model_MOM.F90
NOTE from PE     0: open_param_file: MOM_input has been opened successfully.
NOTE from PE     0: open_param_file: MOM_layout has been opened successfully.
NOTE from PE     0: open_param_file: MOM_override has been opened successfully.

WARNING from PE     0: MOM_file_parser : OBC_NUMBER_OF_SEGMENTS over-ridden.  Line: 'OBC_NUMBER_OF_SEGMENTS = 4' in file MOM_override.


WARNING from PE     0: MOM_file_parser : DT over-ridden.  Line: 'DT = 50' in file MOM_override.


WARNING from PE     0: MOM_file_parser : DT_THERM over-ridden.  Line: 'DT_THERM = 300' in file MOM_override.

NOTE from PE     0: MOM_domains_init: reading maskmap information from INPUT/mask_table.12.10x10
 MOM_in domain decomposition
whalo =    4, ehalo =    4, shalo =    4, nhalo =    4
  X-AXIS =   20  20  20  20  20  20  20  20
  Y-AXIS =   18  18  18  18  18  17  18  18  18  18  18
 MOM_inc domain decomposition
whalo =    2, ehalo =    2, shalo =    2, nhalo =    2
  X-AXIS =   10  10  10  10  10  10  10  10
  Y-AXIS =    9   9   9   9   9   8   9   9   9   9   9
 parse_mask_table: Number of domain regions masked in MOM_in =           12
 MOM_in domain decomposition
whalo =    4, ehalo =    4, shalo =    4, nhalo =    4
  X-AXIS =   16  16  16  16  16  16  16  16  16  16
  Y-AXIS =   20  20  20  20  20  20  20  19  19  19
 MOM_inc domain decomposition
whalo =    2, ehalo =    2, shalo =    2, nhalo =    2
  X-AXIS =    8   8   8   8   8   8   8   8   8   8
  Y-AXIS =   10  10  10  10   9   9  10  10  10  10
NOTE from PE     0: diag_manager_mod::diag_manager_init: prepend_date only supported when diag_manager_init is called with time_init present.
NOTE from PE     0: diag_manager_mod::diag_manager_init: You are using the legacy version of the diag table
 MOM_in domain decomposition
whalo =    4, ehalo =    4, shalo =    4, nhalo =    4
  X-AXIS =   16  16  16  16  16  16  16  16  16  16
  Y-AXIS =   20  20  20  20  20  20  20  19  19  19
 MOM_in domain decomposition
whalo =    2, ehalo =    2, shalo =    2, nhalo =    2
  X-AXIS =    8   8   8   8   8   8   8   8   8   8
  Y-AXIS =   10  10  10  10   9   9  10  10  10  10
 MOM_MOSAIC domain decomposition
whalo =    9, ehalo =    9, shalo =    9, nhalo =    9
  X-AXIS =   32  32  32  32  32  32  32  32  32  32
  Y-AXIS =   40  40  40  40  40  40  40  38  38  38
 MOM_MOSAIC domain decomposition
whalo =    4, ehalo =    4, shalo =    4, nhalo =    4
  X-AXIS =   16  16  16  16  16  16  16  16  16  16
  Y-AXIS =   20  20  20  20  20  20  20  19  19  19

FATAL from PE     0:  initialize_topography_from_file: Unable to open INPUT/bathymetry.nc

